err10
err11
err20
err30
